// Jest Snapshot v1, https://goo.gl/fbAQLP

exports[`Bio should 1`] = `undefined`;
