// Jest Snapshot v1, https://goo.gl/fbAQLP

exports[`Contact should 1`] = `undefined`;
