// Jest Snapshot v1, https://goo.gl/fbAQLP

exports[`Intro should 1`] = `
ShallowWrapper {
  "length": 1,
  Symbol(enzyme.__root__): [Circular],
  Symbol(enzyme.__unrendered__): <Intro />,
  Symbol(enzyme.__renderer__): Object {
    "batchedUpdates": [Function],
    "getNode": [Function],
    "render": [Function],
    "simulateEvent": [Function],
    "unmount": [Function],
  },
  Symbol(enzyme.__node__): Object {
    "instance": null,
    "key": undefined,
    "nodeType": "function",
    "props": Object {
      "centered": true,
      "children": <img
        alt="Not working today"
        className="logo"
        src="orca-logo-white.png"
/>,
      "columns": 2,
    },
    "ref": null,
    "rendered": Object {
      "instance": null,
      "key": undefined,
      "nodeType": "host",
      "props": Object {
        "alt": "Not working today",
        "className": "logo",
        "src": "orca-logo-white.png",
      },
      "ref": null,
      "rendered": null,
      "type": "img",
    },
    "type": [Function],
  },
  Symbol(enzyme.__nodes__): Array [
    Object {
      "instance": null,
      "key": undefined,
      "nodeType": "function",
      "props": Object {
        "centered": true,
        "children": <img
          alt="Not working today"
          className="logo"
          src="orca-logo-white.png"
/>,
        "columns": 2,
      },
      "ref": null,
      "rendered": Object {
        "instance": null,
        "key": undefined,
        "nodeType": "host",
        "props": Object {
          "alt": "Not working today",
          "className": "logo",
          "src": "orca-logo-white.png",
        },
        "ref": null,
        "rendered": null,
        "type": "img",
      },
      "type": [Function],
    },
  ],
  Symbol(enzyme.__options__): Object {
    "adapter": ReactSixteenAdapter {
      "options": Object {
        "enableComponentDidUpdateOnSetState": true,
      },
    },
  },
}
`;
